// Jest Snapshot v1, https://goo.gl/fbAQLP

exports[`landing component snapshot with Enzyme 1`] = `
<div
  className="landingBox"
>
  <div
    className="landingForeground"
  >
    <Header />
    <Home />
    <WithStyles(SimpleSlider) />
  </div>
  <div
    className="landingBackground"
  />
</div>
`;
